获取SMART信息:{
    "sessionId": "1737016726289",
    "device": "sdb",
    "output": "smartctl 7.0 2018-12-30 r4883 [x86_64-linux-3.10.0-1160.88.1.el7.x86_64] (local build)\nCopyright (C) 2002-18, Bruce Allen, Christian Franke, www.smartmontools.org\n\n=== START OF INFORMATION SECTION ===\nModel Family:     Seagate Barracuda Compute\nDevice Model:     ST2000DM005-2U9102\nSerial Number:    WFM39BDD\nLU WWN Device Id: 5 000c50 0df7bc3a5\nAdd. Product Id:  DELL(tm)\nFirmware Version: 0001\nUser Capacity:    2,000,398,934,016 bytes [2.00 TB]\nSector Sizes:     512 bytes logical, 4096 bytes physical\nRotation Rate:    5400 rpm\nForm Factor:      3.5 inches\nDevice is:        In smartctl database [for details use: -P show]\nATA Version is:   ACS-3 T13/2161-D revision 5\nSATA Version is:  SATA 3.1, 6.0 Gb/s (current: 6.0 Gb/s)\nLocal Time is:    Thu Feb 13 22:54:20 2025 CST\nSMART support is: Available - device has SMART capability.\nSMART support is: Enabled\n\n=== START OF READ SMART DATA SECTION ===\nSMART overall-health self-assessment test result: PASSED\n\nGeneral SMART Values:\nOffline data collection status:  (0x00)\tOffline data collection activity\n\t\t\t\t\twas never started.\n\t\t\t\t\tAuto Offline Data Collection: Disabled.\nSelf-test execution status:      (   0)\tThe previous self-test routine completed\n\t\t\t\t\twithout error or no self-test has ever \n\t\t\t\t\tbeen run.\nTotal time to complete Offline \ndata collection: \t\t(    0) seconds.\nOffline data collection\ncapabilities: \t\t\t (0x73) SMART execute Offline immediate.\n\t\t\t\t\tAuto Offline data collection on/off support.\n\t\t\t\t\tSuspend Offline collection upon new\n\t\t\t\t\tcommand.\n\t\t\t\t\tNo Offline surface scan supported.\n\t\t\t\t\tSelf-test supported.\n\t\t\t\t\tConveyance Self-test supported.\n\t\t\t\t\tSelective Self-test supported.\nSMART capabilities:            (0x0003)\tSaves SMART data before entering\n\t\t\t\t\tpower-saving mode.\n\t\t\t\t\tSupports SMART auto save timer.\nError logging capability:        (0x01)\tError logging supported.\n\t\t\t\t\tGeneral Purpose Logging supported.\nShort self-test routine \nrecommended polling time: \t (   1) minutes.\nExtended self-test routine\nrecommended polling time: \t ( 247) minutes.\nConveyance self-test routine\nrecommended polling time: \t (   2) minutes.\nSCT capabilities: \t       (0x30a5)\tSCT Status supported.\n\t\t\t\t\tSCT Data Table supported.\n\nSMART Attributes Data Structure revision number: 10\nVendor Specific SMART Attributes with Thresholds:\nID# ATTRIBUTE_NAME          FLAG     VALUE WORST THRESH TYPE      UPDATED  WHEN_FAILED RAW_VALUE\n  1 Raw_Read_Error_Rate     0x000f   083   064   006    Pre-fail  Always       -       212324776\n  3 Spin_Up_Time            0x0003   098   098   000    Pre-fail  Always       -       0\n  4 Start_Stop_Count        0x0032   100   100   020    Old_age   Always       -       36\n  5 Reallocated_Sector_Ct   0x0033   100   100   010    Pre-fail  Always       -       0\n  7 Seek_Error_Rate         0x000f   090   060   045    Pre-fail  Always       -       897079778\n  9 Power_On_Hours          0x0032   066   066   000    Old_age   Always       -       30066 (17 248 0)\n 10 Spin_Retry_Count        0x0013   100   100   097    Pre-fail  Always       -       0\n 12 Power_Cycle_Count       0x0032   100   100   020    Old_age   Always       -       36\n183 Runtime_Bad_Block       0x0032   100   100   000    Old_age   Always       -       0\n184 End-to-End_Error        0x0032   100   100   099    Old_age   Always       -       0\n187 Reported_Uncorrect      0x0032   100   100   000    Old_age   Always       -       0\n188 Command_Timeout         0x0032   100   099   000    Old_age   Always       -       4295032833\n189 High_Fly_Writes         0x003a   100   100   000    Old_age   Always       -       0\n190 Airflow_Temperature_Cel 0x0022   065   054   040    Old_age   Always       -       35 (Min/Max 28/45)\n191 G-Sense_Error_Rate      0x0032   100   100   000    Old_age   Always       -       0\n192 Power-Off_Retract_Count 0x0032   100   100   000    Old_age   Always       -       26\n193 Load_Cycle_Count        0x0032   099   099   000    Old_age   Always       -       3505\n194 Temperature_Celsius     0x0022   035   046   000    Old_age   Always       -       35 (0 16 0 0 0)\n195 Hardware_ECC_Recovered  0x001a   083   064   000    Old_age   Always       -       212324776\n197 Current_Pending_Sector  0x0012   100   100   000    Old_age   Always       -       0\n198 Offline_Uncorrectable   0x0010   100   100   000    Old_age   Offline      -       0\n199 UDMA_CRC_Error_Count    0x003e   200   200   000    Old_age   Always       -       0\n240 Head_Flying_Hours       0x0000   100   253   000    Old_age   Offline      -       20287 (202 2 0)\n241 Total_LBAs_Written      0x0000   100   253   000    Old_age   Offline      -       10560802527\n242 Total_LBAs_Read         0x0000   100   253   000    Old_age   Offline      -       1996976638\n\nSMART Error Log Version: 1\nNo Errors Logged\n\nSMART Self-test log structure revision number 1\nNo self-tests have been logged.  [To run self-tests, use: smartctl -t]\n\nSMART Selective self-test log data structure revision number 1\n SPAN  MIN_LBA  MAX_LBA  CURRENT_TEST_STATUS\n    1        0        0  Not_testing\n    2        0        0  Not_testing\n    3        0        0  Not_testing\n    4        0        0  Not_testing\n    5        0        0  Not_testing\nSelective self-test flags (0x0):\n  After scanning selected spans, do NOT read-scan remainder of disk.\nIf Selective self-test is pending on power-up, resume after 0 minute delay.\n\n"
}